
Program received signal SIGHUP, Hangup.
 
 gcc -g p6original.c
 gdb a.out
GNU gdb (Ubuntu 8.1.1-0ubuntu1) 8.1.1
Copyright (C) 2018 Free Software Foundation, Inc.
License GPLv3+: GNU GPL version 3 or later <http://gnu.org/licenses/gpl.html>
This is free software: you are free to change and redistribute it.
There is NO WARRANTY, to the extent permitted by law.  Type "show copying"
and "show warranty" for details.
This GDB was configured as "x86_64-linux-gnu".
Type "show configuration" for configuration details.
For bug reporting instructions, please see:
<http://www.gnu.org/software/gdb/bugs/>.
Find the GDB manual and other documentation resources online at:
<http://www.gnu.org/software/gdb/documentation/>.
For help, type "help".
Type "apropos word" to search for commands related to "word"...
Reading symbols from a.out...done.
(gdb) b main
Breakpoint 1 at 0x952: file p6original.c, line 58.
(gdb) r
Starting program: /home/runner/pps-IA1-practice/a.out 
warning: Error disabling address space randomization: Operation not permitted

Breakpoint 1, main () at p6original.c:58
58  {
(gdb) n
61      input_two_string(a,b);
(gdb) s
input_two_string (a=0x7ffc61616a10 "\001", 
    b=0x7ffc61616a30 "\300\t\240ߒU") at p6original.c:4
4       printf("enter any word:\n");
(gdb) n
enter any word:
5       scanf("%s",a);
(gdb) n
n
6       printf("enter any word:\n");
(gdb) n
enter any word:
7       scanf("%s",b);
(gdb) n
s
8   }
(gdb) n
main () at p6original.c:62
62      ans=cmp(a,b);
(gdb) n
63      output(a,b,ans);
(gdb) s
output (a=0x7ffc61616a10 "n", b=0x7ffc61616a30 "s", ans=1)
    at p6original.c:44
44      if(ans == -1)
(gdb) n
48      else if(ans == 1)
(gdb) n
50          printf("%s is greater than %s\n",b,a);
(gdb) n
s is greater than n
56  }
(gdb) 